Channels:
 - conda-forge
Platform: win-64
Collecting package metadata (repodata.json): ...working... done
Solving environment: ...working... done

## Package Plan ##

  environment location: C:\Users\admin\.cache\openbio-r-prototype

  added / updated specs:
    - r-reticulate


The following packages will be downloaded:

    package                    |            build
    ---------------------------|-----------------
    r-here-1.0.2               |    r45hc72bb7e_0          56 KB  conda-forge
    r-png-0.1_9                |    r45hd74d807_0          63 KB  conda-forge
    r-rappdirs-0.3.4           |    r45heceb674_0          58 KB  conda-forge
    r-rcpp-1.1.2               |    r45hd8a2815_0         2.0 MB  conda-forge
    r-rcpptoml-0.2.3           |    r45hd8a2815_1         213 KB  conda-forge
    r-reticulate-1.47.0        |    r45h072f163_0         1.8 MB  conda-forge
    r-rlang-1.3.0              |    r45hd8a2815_0         1.5 MB  conda-forge
    r-rprojroot-2.1.1          |    r45hc72bb7e_1         115 KB  conda-forge
    r-withr-3.0.3              |    r45hc72bb7e_0         230 KB  conda-forge
    ------------------------------------------------------------
                                           Total:         6.1 MB

The following NEW packages will be INSTALLED:

  r-here             conda-forge/noarch::r-here-1.0.2-r45hc72bb7e_0 
  r-png              conda-forge/win-64::r-png-0.1_9-r45hd74d807_0 
  r-rappdirs         conda-forge/win-64::r-rappdirs-0.3.4-r45heceb674_0 
  r-rcpp             conda-forge/win-64::r-rcpp-1.1.2-r45hd8a2815_0 
  r-rcpptoml         conda-forge/win-64::r-rcpptoml-0.2.3-r45hd8a2815_1 
  r-reticulate       conda-forge/win-64::r-reticulate-1.47.0-r45h072f163_0 
  r-rlang            conda-forge/win-64::r-rlang-1.3.0-r45hd8a2815_0 
  r-rprojroot        conda-forge/noarch::r-rprojroot-2.1.1-r45hc72bb7e_1 
  r-withr            conda-forge/noarch::r-withr-3.0.3-r45hc72bb7e_0 


Preparing transaction: ...working... done
Verifying transaction: ...working... done
Executing transaction: ...working... done
